gender_0=undefiniert
gender_1=Männlich
gender_2=Weiblich

location_0=UNDEF
location_1=Im Haus
location_2=Draußen

breed_333=Abessinierkatze
breed_334=American Bobtail
breed_335=American Curl
breed_336=American Shorthair
breed_337=American Wirehair
breed_338=Balinesenkatze
breed_339=Bengal
breed_340=Birma-Katze
breed_341=Bombay-Katze
breed_342=British Kurzhaar
breed_343=Burma-Katze
breed_344=Burmilla
breed_345=Chartreux
breed_346=Chinese Li Hua
breed_347=Colorpoint Shorthair
breed_348=Cornish Rex
breed_349=Cymric
breed_350=Devon Rex
breed_351=Ägyptische Mau
breed_352=Burma-Katze
breed_353=Exotische Kurzhaarkatze
breed_354=Havana-Katze
breed_355=Colourpoint
breed_356=Japanese Bobtail
breed_357=Orientalisch Langhaar
breed_358=Korat-Katze
breed_359=LaPerm
breed_360=Maine Coon
breed_361=Manx
breed_362=Nebelung-Katze
breed_363=Norwegische Waldkatze
breed_364=Ocicat
breed_365=Orientalisch Kurzhaar
breed_366=Persisch
breed_367=Perserkatze
breed_368=Ragdoll-Katze
breed_369=Russisch Blau
breed_370=Savannah-Katze
breed_371=Schottische Faltohrkatze
breed_372=Selkirk Rex
breed_373=Siamkatze
breed_374=Sibirische Katze
breed_375=Singapura
breed_376=Snowshoe
breed_377=Somali
breed_378=Sphynx-Katze
breed_379=Tonkanese
breed_380=Türkisch Angora
breed_381=Türkisch Van
breed_382=Kurzhaarige Hauskatze
breed_383=Langhaarige Hauskatze
breed_384=Wildkatze
breed_NULL=UNDEF

food_1=Nassfutter
food_2=Trockenfutter
food_3=Nass- u. Trockenfutter
food_NULL=UNDEF

bowls_0=UNDEF
bowls_1=Große Schale
bowls_4=Halbe Schalen

NULL=undefiniert
