gender_0=undefined
gender_1=Male
gender_2=Female

location_0=UNDEF
location_1=Inside
location_2=Outside

breed_333=Abyssinian
breed_334=American Bobtail
breed_335=American Curl
breed_336=American Shorthair
breed_337=American Wirehair
breed_338=Balinese
breed_339=Bengal
breed_340=Birman
breed_341=Bombay
breed_342=British Shorthair
breed_343=Burmese
breed_344=Burmilla
breed_345=Chartreux
breed_346=Chinese Li Hua
breed_347=Colorpoint Shorthair
breed_348=Cornish Rex
breed_349=Cymric
breed_350=Devon Rex
breed_351=Egyptian Mau
breed_352=European Burmese
breed_353=Exotic
breed_354=Havana Brown
breed_355=Himalayan
breed_356=Japanese Bobtail
breed_357=Javanese
breed_358=Korat
breed_359=LaPerm
breed_360=Maine Coon
breed_361=Manx
breed_362=Nebelung
breed_363=Norwegian Forest
breed_364=Ocicat
breed_365=Oriental
breed_366=Persian
breed_367=Ragamuffin
breed_368=Ragdoll Cats
breed_369=Russisch Blue
breed_370=Savannah
breed_371=Scottish Fold
breed_372=Selkirk Rex
breed_373=Siamese Cat
breed_374=Siberian
breed_375=Singapura
breed_376=Snowshoe
breed_377=Somali
breed_378=Sphynx
breed_379=Tonkinese
breed_380=Turkish Angora
breed_381=Turkish Van
breed_382=Domestic Shorthair
breed_383=Domestic Longhair
breed_384=Moggy
breed_NULL=UNDEF

food_1=wet food
food_2=dry food
food_3=wet & dry food
food_NULL=UNDEF

bowls_0=UNDEF
bowls_1=Big bowl
bowls_4=Half bowls

NULL=undefined
